[-1923272ms] [ERROR] Failed to load resource: the server responded with a status of 404 () @ https://blackboard.olemiss.edu/learn/api/v1/systemPreferences/gradepill.rounding.mode.preference.settings:0
[-1923271ms] [ERROR] Failed to load resource: the server responded with a status of 404 () @ https://blackboard.olemiss.edu/learn/api/v1/systemPreferences/gradepill.decimal.config.preference.settings:0
[-1922600ms] [WARNING] An iframe which has both allow-scripts and allow-same-origin for its sandbox attribute can escape its sandboxing. @ https://ultra.content.blackboardcdn.com/ultra/uiv4000.21.0-rel.64_53a3540/13417-d2762d7f9dbb57e3.js:198
[-1922599ms] [WARNING] An iframe which has both allow-scripts and allow-same-origin for its sandbox attribute can escape its sandboxing. @ https://ultra.content.blackboardcdn.com/ultra/uiv4000.21.0-rel.64_53a3540/13417-d2762d7f9dbb57e3.js:198
[-1924324ms] [LOG] [app.initialization] Initializing Ultra... @ https://blackboard.olemiss.edu/ultra:6
[-1923869ms] [WARNING] Attempting to get paged collection at /public/v1/lti/placements without a filter, this might be a performance issue. @ https://blackboard.olemiss.edu/ultra:6
[-1923868ms] [WARNING] Attempting to get paged collection at /public/v1/lti/placements without a filter, this might be a performance issue. @ https://blackboard.olemiss.edu/ultra:6
[-1922407ms] [WARNING] Received subscription to invalid event type basenav:register @ https://blackboard.olemiss.edu/ultra:6
[-1922405ms] [WARNING] Invalid class name: svg-icon @ https://blackboard.olemiss.edu/ultra:6
[-1922405ms] [WARNING] Invalid class name: medium-icon @ https://blackboard.olemiss.edu/ultra:6
[-1922405ms] [WARNING] Invalid class name: default @ https://blackboard.olemiss.edu/ultra:6
[ -664574ms] [WARNING] Invalid class name: svg-icon @ https://blackboard.olemiss.edu/ultra:6
[ -664574ms] [WARNING] Invalid class name: medium-icon @ https://blackboard.olemiss.edu/ultra:6
[ -664574ms] [WARNING] Invalid class name: default @ https://blackboard.olemiss.edu/ultra:6
[-1923831ms] [ERROR] Invalid 'X-Frame-Options' header encountered when loading 'https://developer.blackboard.com/': '' is not a recognized directive. The header will be ignored. @ https://developer.blackboard.com/ltiStorage:0
[-1922026ms] [LOG] %cRipple component library %c%s color: #575195; font-weight: bold font-weight: bold 5.32.0 @ https://olemiss.evaluationkit.com/login/lti/callback:7
[-1923533ms] [INFO] [2026-09-21T05:08:19.941Z] Information: Normalizing '/notifications' to 'https://notif-websockets-us-east-1.prod.notifications.api.blackboard.com/notifications'. @ https://notif-websockets-us-east-1.prod.notifications.api.blackboard.com/clientframe.909f4cc0a5821738c300.js:0
[-1923130ms] [INFO] [2026-09-21T05:08:20.345Z] Information: WebSocket connected to wss://notif-websockets-us-east-1.prod.notifications.api.blackboard.com/notifications?access_token=BT%3A1789967299%3AeyJhbGciOiJSUzI1NiIsImtpZCI6IjBkZjM4NmVhLTQ5MDQtNGRiYS1hNTA2LThhODJiOWVlMmE3MiIsInR5cCI6IkpXVCJ9.eyJpYXQiOjE3ODk5NjcyOTgsImV4cCI6MTc4OTk3MDg5OCwic3ViIjoiZTYyY2Q0YzctNjViMS0xMWYxLTg3ZmUtYjEyNjllZTE0NGY0IiwiaXNzIjoiaHR0cHM6Ly91cy5hdXRoei5hcGkuYmxhY2tib2FyZC5jb20iLCJhdWQiOiJodHRwczovL3VzLnRlbmFuY3kuYXBpLmJsYWNrYm9hcmQuY29tL3RlbmFuY3kvYXBpL3YxL3RlbmFudHMvODA4YTFmZmMtNWY2ZC00MjA3LWJjZTUtMjEzNmQxOGVlNzA1IiwiaHR0cHM6Ly9ibGFja2JvYXJkLmNvbS90ZW5hbnRJZCI6IjgwOGExZmZjLTVmNmQtNDIwNy1iY2U1LTIxMzZkMThlZTcwNSIsImh0dHBzOi8vYmxhY2tib2FyZC5jb20vcGVyc29uSWQiOiJlNjJjZDRjNy02NWIxLTExZjEtODdmZS1iMTI2OWVlMTQ0ZjQiLCJodHRwczovL2JsYWNrYm9hcmQuY29tL3Nlc3Npb25JZCI6IjI2NzUxNzY4MzUiLCJodHRwczovL2JsYWNrYm9hcmQuY29tL3JlZ2lvbiI6InVzLWVhc3QtMSIsImh0dHBzOi8vYmxhY2tib2FyZC5jb20vbG9naW5JZCI6Im10d2lsc29uMSIsImh0dHBzOi8vYmxhY2tib2FyZC5jb20vZm5kc0dyb3VwcyI6W10sImh0dHBzOi8vYmxhY2tib2FyZC5jb20vc2l0ZUlkIjoiNzU0MmM4MDMtMjk2Ni00NmQ0LWEwODMtNTBjMzJhNjYxOThmIn0.uQYyeLtV0kjmTeud3YIGmGHvaztTn4Feotvl8XN15I1Nu3gtMu3goFnATkfOJS-Skq1uljJk5x-sH0qraXsrsAMyrZaKQKDhJi71-pF-ly2NC90a3OaMtze4IwKlz4NJ8TfNdZtFFHZSBkGJ5ZoKNOIynXLJ8SFioZ4U_biWLWfeQELFZKJkmPILIYtmMhKJOVdN0kE7afqgM9cqObW58VbBp8Fdxi_1327M1eBqF8LUf0RkXckrosY5CtX_krlhOxFlDXgPCKyTUXMua1qYgq6-KdkrfPq7pNKUSmGsoN89kIkjb0uP8PuLN4U26_wnG04yZu3tei7KQ5AQafe38Q. @ https://notif-websockets-us-east-1.prod.notifications.api.blackboard.com/clientframe.909f4cc0a5821738c300.js:0
[-1923129ms] [INFO] [2026-09-21T05:08:20.345Z] Information: Using HubProtocol 'json'. @ https://notif-websockets-us-east-1.prod.notifications.api.blackboard.com/clientframe.909f4cc0a5821738c300.js:0
[ -316189ms] [ERROR] [2026-09-21T05:35:07.149Z] Error: Connection disconnected with error 'Error: WebSocket closed with status code: 1006 (no reason given).'. @ https://notif-websockets-us-east-1.prod.notifications.api.blackboard.com/clientframe.909f4cc0a5821738c300.js:0
[ -316014ms] [INFO] [2026-09-21T05:35:07.460Z] Information: Connection reconnecting because of error 'Error: WebSocket closed with status code: 1006 (no reason given).'. @ https://notif-websockets-us-east-1.prod.notifications.api.blackboard.com/clientframe.909f4cc0a5821738c300.js:0
[ -315963ms] [INFO] [2026-09-21T05:35:07.511Z] Information: Reconnect attempt number 1 will start in 0 ms. @ https://notif-websockets-us-east-1.prod.notifications.api.blackboard.com/clientframe.909f4cc0a5821738c300.js:0
[ -310523ms] [INFO] [2026-09-21T05:35:12.952Z] Information: WebSocket connected to wss://notif-websockets-us-east-1.prod.notifications.api.blackboard.com/notifications?access_token=BT%3A1789968908%3AeyJhbGciOiJSUzI1NiIsImtpZCI6IjBkZjM4NmVhLTQ5MDQtNGRiYS1hNTA2LThhODJiOWVlMmE3MiIsInR5cCI6IkpXVCJ9.eyJpYXQiOjE3ODk5NjcyOTgsImV4cCI6MTc4OTk3MDg5OCwic3ViIjoiZTYyY2Q0YzctNjViMS0xMWYxLTg3ZmUtYjEyNjllZTE0NGY0IiwiaXNzIjoiaHR0cHM6Ly91cy5hdXRoei5hcGkuYmxhY2tib2FyZC5jb20iLCJhdWQiOiJodHRwczovL3VzLnRlbmFuY3kuYXBpLmJsYWNrYm9hcmQuY29tL3RlbmFuY3kvYXBpL3YxL3RlbmFudHMvODA4YTFmZmMtNWY2ZC00MjA3LWJjZTUtMjEzNmQxOGVlNzA1IiwiaHR0cHM6Ly9ibGFja2JvYXJkLmNvbS90ZW5hbnRJZCI6IjgwOGExZmZjLTVmNmQtNDIwNy1iY2U1LTIxMzZkMThlZTcwNSIsImh0dHBzOi8vYmxhY2tib2FyZC5jb20vcGVyc29uSWQiOiJlNjJjZDRjNy02NWIxLTExZjEtODdmZS1iMTI2OWVlMTQ0ZjQiLCJodHRwczovL2JsYWNrYm9hcmQuY29tL3Nlc3Npb25JZCI6IjI2NzUxNzY4MzUiLCJodHRwczovL2JsYWNrYm9hcmQuY29tL3JlZ2lvbiI6InVzLWVhc3QtMSIsImh0dHBzOi8vYmxhY2tib2FyZC5jb20vbG9naW5JZCI6Im10d2lsc29uMSIsImh0dHBzOi8vYmxhY2tib2FyZC5jb20vZm5kc0dyb3VwcyI6W10sImh0dHBzOi8vYmxhY2tib2FyZC5jb20vc2l0ZUlkIjoiNzU0MmM4MDMtMjk2Ni00NmQ0LWEwODMtNTBjMzJhNjYxOThmIn0.uQYyeLtV0kjmTeud3YIGmGHvaztTn4Feotvl8XN15I1Nu3gtMu3goFnATkfOJS-Skq1uljJk5x-sH0qraXsrsAMyrZaKQKDhJi71-pF-ly2NC90a3OaMtze4IwKlz4NJ8TfNdZtFFHZSBkGJ5ZoKNOIynXLJ8SFioZ4U_biWLWfeQELFZKJkmPILIYtmMhKJOVdN0kE7afqgM9cqObW58VbBp8Fdxi_1327M1eBqF8LUf0RkXckrosY5CtX_krlhOxFlDXgPCKyTUXMua1qYgq6-KdkrfPq7pNKUSmGsoN89kIkjb0uP8PuLN4U26_wnG04yZu3tei7KQ5AQafe38Q. @ https://notif-websockets-us-east-1.prod.notifications.api.blackboard.com/clientframe.909f4cc0a5821738c300.js:0
[ -310523ms] [INFO] [2026-09-21T05:35:12.952Z] Information: Using HubProtocol 'json'. @ https://notif-websockets-us-east-1.prod.notifications.api.blackboard.com/clientframe.909f4cc0a5821738c300.js:0
[ -310116ms] [INFO] [2026-09-21T05:35:13.358Z] Information: HubConnection reconnected successfully. @ https://notif-websockets-us-east-1.prod.notifications.api.blackboard.com/clientframe.909f4cc0a5821738c300.js:0
[-1923831ms] [ERROR] Invalid 'X-Frame-Options' header encountered when loading 'https://developer.blackboard.com/': '' is not a recognized directive. The header will be ignored. @ https://developer.blackboard.com/ltiStorage:0
[-1923831ms] [ERROR] Invalid 'X-Frame-Options' header encountered when loading 'https://developer.blackboard.com/': '' is not a recognized directive. The header will be ignored. @ https://developer.blackboard.com/ltiStorage:0
[-1923831ms] [ERROR] Invalid 'X-Frame-Options' header encountered when loading 'https://developer.blackboard.com/': '' is not a recognized directive. The header will be ignored. @ https://developer.blackboard.com/ltiStorage:0
[-1922615ms] [WARNING] react-i18next:: It seems you are still using the old wait option, you may migrate to the new useSuspense behaviour. @ https://us.cstp.blackboard.com/static/bbAssist/bbAssist.js:1
[-1922465ms] [LOG] serverMessage Object @ https://us.cstp.blackboard.com/static/bbAssist/bbAssist.js:1
[-1922463ms] [LOG] onPostMessageReceived: MessageEvent @ https://us.cstp.blackboard.com/static/bbAssist/bbAssist.js:1
[-1922463ms] [LOG] [UEF] To Learn Ultra Object @ https://us.cstp.blackboard.com/static/bbAssist/bbAssist.js:1
[-1922408ms] [LOG] [UEF] From Learn Ultra: Object @ https://us.cstp.blackboard.com/static/bbAssist/bbAssist.js:1
[-1922408ms] [LOG] onMessageFromUltra: MessageEvent @ https://us.cstp.blackboard.com/static/bbAssist/bbAssist.js:1
[-1922408ms] [LOG] Authorization was successful @ https://us.cstp.blackboard.com/static/bbAssist/bbAssist.js:1
[-1922408ms] [LOG] [UEF] To Learn Ultra Object @ https://us.cstp.blackboard.com/static/bbAssist/bbAssist.js:1
[-1922408ms] [LOG] [UEF] To Learn Ultra Object @ https://us.cstp.blackboard.com/static/bbAssist/bbAssist.js:1
[-1922408ms] [LOG] serverMessage Object @ https://us.cstp.blackboard.com/static/bbAssist/bbAssist.js:1
[-1922408ms] [LOG] baseNav Object true @ https://us.cstp.blackboard.com/static/bbAssist/bbAssist.js:1
[-1922407ms] [LOG] baseNav Object @ https://us.cstp.blackboard.com/static/bbAssist/bbAssist.js:1
[-1922407ms] [LOG] createBaseNav @ https://us.cstp.blackboard.com/static/bbAssist/bbAssist.js:1
[-1922407ms] [LOG] getNavigationContents @ https://us.cstp.blackboard.com/static/bbAssist/bbAssist.js:1
[-1922407ms] [LOG] new:event Object @ https://us.cstp.blackboard.com/static/bbAssist/bbAssist.js:1
[-1922407ms] [LOG] [UEF] To Learn Ultra Object @ https://us.cstp.blackboard.com/static/bbAssist/bbAssist.js:1
[-1922407ms] [LOG] [UEF] From Learn Ultra: Object @ https://us.cstp.blackboard.com/static/bbAssist/bbAssist.js:1
[-1922407ms] [LOG] onMessageFromUltra: MessageEvent @ https://us.cstp.blackboard.com/static/bbAssist/bbAssist.js:1
[-1922407ms] [LOG] RESPONSE FROM REGISTRATION:  success @ https://us.cstp.blackboard.com/static/bbAssist/bbAssist.js:1
[-1922407ms] [LOG] serverMessage Object @ https://us.cstp.blackboard.com/static/bbAssist/bbAssist.js:1
[-1922407ms] [LOG] [UEF] From Learn Ultra: Object @ https://us.cstp.blackboard.com/static/bbAssist/bbAssist.js:1
[-1922407ms] [LOG] onMessageFromUltra: MessageEvent @ https://us.cstp.blackboard.com/static/bbAssist/bbAssist.js:1
[-1922407ms] [LOG] serverMessage Object @ https://us.cstp.blackboard.com/static/bbAssist/bbAssist.js:1
[-1922403ms] [LOG] [UEF] From Learn Ultra: Object @ https://us.cstp.blackboard.com/static/bbAssist/bbAssist.js:1
[-1922403ms] [LOG] onMessageFromUltra: MessageEvent @ https://us.cstp.blackboard.com/static/bbAssist/bbAssist.js:1
[-1922402ms] [LOG] serverMessage Object @ https://us.cstp.blackboard.com/static/bbAssist/bbAssist.js:1
[-1922402ms] [LOG] [UEF] From Learn Ultra: Object @ https://us.cstp.blackboard.com/static/bbAssist/bbAssist.js:1
[-1922402ms] [LOG] onMessageFromUltra: MessageEvent @ https://us.cstp.blackboard.com/static/bbAssist/bbAssist.js:1
[-1922402ms] [LOG] serverMessage Object @ https://us.cstp.blackboard.com/static/bbAssist/bbAssist.js:1
[ -665266ms] [LOG] [UEF] From Learn Ultra: Object @ https://us.cstp.blackboard.com/static/bbAssist/bbAssist.js:1
[ -665055ms] [LOG] onMessageFromUltra: MessageEvent @ https://us.cstp.blackboard.com/static/bbAssist/bbAssist.js:1
[ -664972ms] [LOG] serverMessage Object @ https://us.cstp.blackboard.com/static/bbAssist/bbAssist.js:1
[ -664571ms] [LOG] [UEF] From Learn Ultra: Object @ https://us.cstp.blackboard.com/static/bbAssist/bbAssist.js:1
[ -664571ms] [LOG] onMessageFromUltra: MessageEvent @ https://us.cstp.blackboard.com/static/bbAssist/bbAssist.js:1
[ -664516ms] [LOG] serverMessage Object @ https://us.cstp.blackboard.com/static/bbAssist/bbAssist.js:1
[ -664470ms] [LOG] [UEF] From Learn Ultra: Object @ https://us.cstp.blackboard.com/static/bbAssist/bbAssist.js:1
[ -664470ms] [LOG] onMessageFromUltra: MessageEvent @ https://us.cstp.blackboard.com/static/bbAssist/bbAssist.js:1
[ -664470ms] [LOG] serverMessage Object @ https://us.cstp.blackboard.com/static/bbAssist/bbAssist.js:1
[       4ms] TypeError: t.services.languageUtils.isWhitelisted is not a function
    at https://us.cstp.blackboard.com/static/bbAssist/bbAssist.js:2:534515
    at Array.forEach (<anonymous>)
    at e.value (https://us.cstp.blackboard.com/static/bbAssist/bbAssist.js:2:534382)
    at de.changeLanguage (https://us.cstp.blackboard.com/static/bbAssist/bbAssist.js:2:523589)
    at a (https://us.cstp.blackboard.com/static/bbAssist/bbAssist.js:2:520443)
